// Jest Snapshot v1, https://goo.gl/fbAQLP

exports[`NavBar render like snapshot 1`] = `
ShallowWrapper {
  Symbol(enzyme.__root__): [Circular],
  Symbol(enzyme.__unrendered__): <NavBar
    currentUser="Taylor"
    handleLogin={[MockFunction]}
    loggedIn={true}
  />,
  Symbol(enzyme.__renderer__): Object {
    "batchedUpdates": [Function],
    "getNode": [Function],
    "render": [Function],
    "simulateError": [Function],
    "simulateEvent": [Function],
    "unmount": [Function],
  },
  Symbol(enzyme.__node__): Object {
    "instance": null,
    "key": undefined,
    "nodeType": "host",
    "props": Object {
      "children": Array [
        <NavLink
          activeClassName="active"
          aria-current="page"
          className="favorites-button buttons"
          onClick={[Function]}
          to="/favorites"
        >
          My Favorites
        </NavLink>,
        <h1
          className="user-name"
        >
          Hello 
          !
        </h1>,
        <NavLink
          activeClassName="active"
          aria-current="page"
          className="sign-out-button buttons"
          onClick={[Function]}
          to="/"
        >
          Sign Out
        </NavLink>,
      ],
      "className": "navBar",
    },
    "ref": null,
    "rendered": Array [
      Object {
        "instance": null,
        "key": undefined,
        "nodeType": "function",
        "props": Object {
          "activeClassName": "active",
          "aria-current": "page",
          "children": "My Favorites",
          "className": "favorites-button buttons",
          "onClick": [Function],
          "to": "/favorites",
        },
        "ref": null,
        "rendered": "My Favorites",
        "type": [Function],
      },
      Object {
        "instance": null,
        "key": undefined,
        "nodeType": "host",
        "props": Object {
          "children": Array [
            "Hello ",
            undefined,
            "!",
          ],
          "className": "user-name",
        },
        "ref": null,
        "rendered": Array [
          "Hello ",
          undefined,
          "!",
        ],
        "type": "h1",
      },
      Object {
        "instance": null,
        "key": undefined,
        "nodeType": "function",
        "props": Object {
          "activeClassName": "active",
          "aria-current": "page",
          "children": "Sign Out",
          "className": "sign-out-button buttons",
          "onClick": [Function],
          "to": "/",
        },
        "ref": null,
        "rendered": "Sign Out",
        "type": [Function],
      },
    ],
    "type": "div",
  },
  Symbol(enzyme.__nodes__): Array [
    Object {
      "instance": null,
      "key": undefined,
      "nodeType": "host",
      "props": Object {
        "children": Array [
          <NavLink
            activeClassName="active"
            aria-current="page"
            className="favorites-button buttons"
            onClick={[Function]}
            to="/favorites"
          >
            My Favorites
          </NavLink>,
          <h1
            className="user-name"
          >
            Hello 
            !
          </h1>,
          <NavLink
            activeClassName="active"
            aria-current="page"
            className="sign-out-button buttons"
            onClick={[Function]}
            to="/"
          >
            Sign Out
          </NavLink>,
        ],
        "className": "navBar",
      },
      "ref": null,
      "rendered": Array [
        Object {
          "instance": null,
          "key": undefined,
          "nodeType": "function",
          "props": Object {
            "activeClassName": "active",
            "aria-current": "page",
            "children": "My Favorites",
            "className": "favorites-button buttons",
            "onClick": [Function],
            "to": "/favorites",
          },
          "ref": null,
          "rendered": "My Favorites",
          "type": [Function],
        },
        Object {
          "instance": null,
          "key": undefined,
          "nodeType": "host",
          "props": Object {
            "children": Array [
              "Hello ",
              undefined,
              "!",
            ],
            "className": "user-name",
          },
          "ref": null,
          "rendered": Array [
            "Hello ",
            undefined,
            "!",
          ],
          "type": "h1",
        },
        Object {
          "instance": null,
          "key": undefined,
          "nodeType": "function",
          "props": Object {
            "activeClassName": "active",
            "aria-current": "page",
            "children": "Sign Out",
            "className": "sign-out-button buttons",
            "onClick": [Function],
            "to": "/",
          },
          "ref": null,
          "rendered": "Sign Out",
          "type": [Function],
        },
      ],
      "type": "div",
    },
  ],
  Symbol(enzyme.__options__): Object {
    "adapter": ReactSixteenAdapter {
      "options": Object {
        "enableComponentDidUpdateOnSetState": true,
        "lifecycles": Object {
          "componentDidUpdate": Object {
            "onSetState": true,
          },
          "getDerivedStateFromProps": true,
          "getSnapshotBeforeUpdate": true,
          "setState": Object {
            "skipsComponentDidUpdateOnNullish": true,
          },
        },
      },
    },
  },
}
`;
