// Jest Snapshot v1, https://goo.gl/fbAQLP

exports[`MovieContainer should render like snapshot 1`] = `
ShallowWrapper {
  Symbol(enzyme.__root__): [Circular],
  Symbol(enzyme.__unrendered__): <MovieContainer
    movies={
      Array [
        Object {
          "date": "1998-03-06",
          "favorited": false,
          "id": 115,
          "overview": "Jeffrey \\"The Dude\\" Lebowski, a Los Angeles slacker who only wants to bowl and drink white Russians, is mistaken for another Jeffrey Lebowski, a wheelchair-bound millionaire, and finds himself dragged into a strange series of events involving nihilists, adult film producers, ferrets, errant toes, and large sums of money.",
          "poster": "https://image.tmdb.org/t/p/w600_and_h900_bestv2/aHaVjVoXeNanfwUwQ92SG7tosFM.jpg",
          "title": "The Big Lebowski",
          "voteAverage": 7.9,
        },
      ]
    }
    showFavorites={true}
    userName="Taylor"
  />,
  Symbol(enzyme.__renderer__): Object {
    "batchedUpdates": [Function],
    "getNode": [Function],
    "render": [Function],
    "simulateError": [Function],
    "simulateEvent": [Function],
    "unmount": [Function],
  },
  Symbol(enzyme.__node__): Object {
    "instance": null,
    "key": undefined,
    "nodeType": "host",
    "props": Object {
      "children": Array [
        <img
          alt="Walter Sobchak"
          className="walter"
          src="walter.jpg"
        />,
        <h3>
          You're entering a world of pain, Taylor. Pick some favorites!
        </h3>,
      ],
      "className": "Movie-Container no-favs",
    },
    "ref": null,
    "rendered": Array [
      Object {
        "instance": null,
        "key": undefined,
        "nodeType": "host",
        "props": Object {
          "alt": "Walter Sobchak",
          "className": "walter",
          "src": "walter.jpg",
        },
        "ref": null,
        "rendered": null,
        "type": "img",
      },
      Object {
        "instance": null,
        "key": undefined,
        "nodeType": "host",
        "props": Object {
          "children": "You're entering a world of pain, Taylor. Pick some favorites!",
        },
        "ref": null,
        "rendered": "You're entering a world of pain, Taylor. Pick some favorites!",
        "type": "h3",
      },
    ],
    "type": "div",
  },
  Symbol(enzyme.__nodes__): Array [
    Object {
      "instance": null,
      "key": undefined,
      "nodeType": "host",
      "props": Object {
        "children": Array [
          <img
            alt="Walter Sobchak"
            className="walter"
            src="walter.jpg"
          />,
          <h3>
            You're entering a world of pain, Taylor. Pick some favorites!
          </h3>,
        ],
        "className": "Movie-Container no-favs",
      },
      "ref": null,
      "rendered": Array [
        Object {
          "instance": null,
          "key": undefined,
          "nodeType": "host",
          "props": Object {
            "alt": "Walter Sobchak",
            "className": "walter",
            "src": "walter.jpg",
          },
          "ref": null,
          "rendered": null,
          "type": "img",
        },
        Object {
          "instance": null,
          "key": undefined,
          "nodeType": "host",
          "props": Object {
            "children": "You're entering a world of pain, Taylor. Pick some favorites!",
          },
          "ref": null,
          "rendered": "You're entering a world of pain, Taylor. Pick some favorites!",
          "type": "h3",
        },
      ],
      "type": "div",
    },
  ],
  Symbol(enzyme.__options__): Object {
    "adapter": ReactSixteenAdapter {
      "options": Object {
        "enableComponentDidUpdateOnSetState": true,
        "lifecycles": Object {
          "componentDidUpdate": Object {
            "onSetState": true,
          },
          "getDerivedStateFromProps": true,
          "getSnapshotBeforeUpdate": true,
          "setState": Object {
            "skipsComponentDidUpdateOnNullish": true,
          },
        },
      },
    },
  },
}
`;
